edges
| UnsafeTLS.go:131:14:131:29 | selection of VersionTLS13 : uint16 | UnsafeTLS.go:136:16:136:22 | version |
| UnsafeTLS.go:133:14:133:29 | selection of VersionSSL30 : uint16 | UnsafeTLS.go:136:16:136:22 | version |
| UnsafeTLS.go:329:53:329:93 | selection of TLS_ECDHE_RSA_WITH_AES_128_CBC_SHA256 : uint16 | UnsafeTLS.go:329:25:329:94 | call to append |
| UnsafeTLS.go:334:13:334:38 | call to InsecureCipherSuites : slice type | UnsafeTLS.go:336:26:336:58 | call to append |
| UnsafeTLS.go:334:13:334:38 | call to InsecureCipherSuites : slice type | UnsafeTLS.go:336:54:336:54 | implicit dereference : CipherSuite |
| UnsafeTLS.go:336:54:336:54 | implicit dereference : CipherSuite | UnsafeTLS.go:336:26:336:58 | call to append |
| UnsafeTLS.go:342:13:342:38 | call to InsecureCipherSuites : slice type | UnsafeTLS.go:344:40:344:40 | implicit dereference : CipherSuite |
| UnsafeTLS.go:342:13:342:38 | call to InsecureCipherSuites : slice type | UnsafeTLS.go:346:25:346:36 | cipherSuites |
| UnsafeTLS.go:344:40:344:40 | implicit dereference : CipherSuite | UnsafeTLS.go:346:25:346:36 | cipherSuites |
| UnsafeTLS.go:351:13:351:38 | call to InsecureCipherSuites : slice type | UnsafeTLS.go:353:40:353:48 | implicit dereference : CipherSuite |
| UnsafeTLS.go:351:13:351:38 | call to InsecureCipherSuites : slice type | UnsafeTLS.go:355:25:355:36 | cipherSuites |
| UnsafeTLS.go:353:40:353:48 | implicit dereference : CipherSuite | UnsafeTLS.go:355:25:355:36 | cipherSuites |
nodes
| UnsafeTLS.go:21:23:21:23 | 0 | semmle.label | 0 |
| UnsafeTLS.go:25:23:25:23 | 0 | semmle.label | 0 |
| UnsafeTLS.go:30:16:30:16 | 0 | semmle.label | 0 |
| UnsafeTLS.go:36:16:36:16 | 0 | semmle.label | 0 |
| UnsafeTLS.go:43:23:43:38 | selection of VersionSSL30 | semmle.label | selection of VersionSSL30 |
| UnsafeTLS.go:47:23:47:38 | selection of VersionSSL30 | semmle.label | selection of VersionSSL30 |
| UnsafeTLS.go:52:23:52:38 | selection of VersionTLS10 | semmle.label | selection of VersionTLS10 |
| UnsafeTLS.go:56:23:56:38 | selection of VersionTLS10 | semmle.label | selection of VersionTLS10 |
| UnsafeTLS.go:61:23:61:38 | selection of VersionTLS11 | semmle.label | selection of VersionTLS11 |
| UnsafeTLS.go:65:23:65:38 | selection of VersionTLS11 | semmle.label | selection of VersionTLS11 |
| UnsafeTLS.go:70:16:70:31 | selection of VersionTLS11 | semmle.label | selection of VersionTLS11 |
| UnsafeTLS.go:76:16:76:31 | selection of VersionTLS11 | semmle.label | selection of VersionTLS11 |
| UnsafeTLS.go:82:16:82:31 | selection of VersionTLS12 | semmle.label | selection of VersionTLS12 |
| UnsafeTLS.go:88:16:88:31 | selection of VersionTLS13 | semmle.label | selection of VersionTLS13 |
| UnsafeTLS.go:95:16:95:21 | 0x0300 | semmle.label | 0x0300 |
| UnsafeTLS.go:101:16:101:21 | 0x0301 | semmle.label | 0x0301 |
| UnsafeTLS.go:111:16:111:16 | 0 | semmle.label | 0 |
| UnsafeTLS.go:117:16:117:16 | 0 | semmle.label | 0 |
| UnsafeTLS.go:123:16:123:16 | 0 | semmle.label | 0 |
| UnsafeTLS.go:131:14:131:29 | selection of VersionTLS13 : uint16 | semmle.label | selection of VersionTLS13 : uint16 |
| UnsafeTLS.go:133:14:133:29 | selection of VersionSSL30 : uint16 | semmle.label | selection of VersionSSL30 : uint16 |
| UnsafeTLS.go:136:16:136:22 | version | semmle.label | version |
| UnsafeTLS.go:144:24:144:39 | selection of VersionTLS13 | semmle.label | selection of VersionTLS13 |
| UnsafeTLS.go:146:24:146:39 | selection of VersionSSL30 | semmle.label | selection of VersionSSL30 |
| UnsafeTLS.go:154:24:154:39 | selection of VersionTLS13 | semmle.label | selection of VersionTLS13 |
| UnsafeTLS.go:156:24:156:39 | selection of VersionSSL30 | semmle.label | selection of VersionSSL30 |
| UnsafeTLS.go:163:16:163:16 | 0 | semmle.label | 0 |
| UnsafeTLS.go:170:16:170:16 | 0 | semmle.label | 0 |
| UnsafeTLS.go:177:31:177:31 | 0 | semmle.label | 0 |
| UnsafeTLS.go:183:29:183:29 | 0 | semmle.label | 0 |
| UnsafeTLS.go:191:17:191:17 | 0 | semmle.label | 0 |
| UnsafeTLS.go:196:17:196:17 | 0 | semmle.label | 0 |
| UnsafeTLS.go:201:17:201:17 | 0 | semmle.label | 0 |
| UnsafeTLS.go:209:17:209:17 | 0 | semmle.label | 0 |
| UnsafeTLS.go:214:17:214:17 | 0 | semmle.label | 0 |
| UnsafeTLS.go:219:17:219:17 | 0 | semmle.label | 0 |
| UnsafeTLS.go:227:16:227:16 | 0 | semmle.label | 0 |
| UnsafeTLS.go:236:16:236:16 | 0 | semmle.label | 0 |
| UnsafeTLS.go:243:16:243:16 | 0 | semmle.label | 0 |
| UnsafeTLS.go:250:16:250:16 | 0 | semmle.label | 0 |
| UnsafeTLS.go:329:25:329:94 | call to append | semmle.label | call to append |
| UnsafeTLS.go:329:53:329:93 | selection of TLS_ECDHE_RSA_WITH_AES_128_CBC_SHA256 : uint16 | semmle.label | selection of TLS_ECDHE_RSA_WITH_AES_128_CBC_SHA256 : uint16 |
| UnsafeTLS.go:334:13:334:38 | call to InsecureCipherSuites : slice type | semmle.label | call to InsecureCipherSuites : slice type |
| UnsafeTLS.go:336:26:336:58 | call to append | semmle.label | call to append |
| UnsafeTLS.go:336:54:336:54 | implicit dereference : CipherSuite | semmle.label | implicit dereference : CipherSuite |
| UnsafeTLS.go:342:13:342:38 | call to InsecureCipherSuites : slice type | semmle.label | call to InsecureCipherSuites : slice type |
| UnsafeTLS.go:344:40:344:40 | implicit dereference : CipherSuite | semmle.label | implicit dereference : CipherSuite |
| UnsafeTLS.go:346:25:346:36 | cipherSuites | semmle.label | cipherSuites |
| UnsafeTLS.go:351:13:351:38 | call to InsecureCipherSuites : slice type | semmle.label | call to InsecureCipherSuites : slice type |
| UnsafeTLS.go:353:40:353:48 | implicit dereference : CipherSuite | semmle.label | implicit dereference : CipherSuite |
| UnsafeTLS.go:355:25:355:36 | cipherSuites | semmle.label | cipherSuites |
#select
| UnsafeTLS.go:21:23:21:23 | 0 | UnsafeTLS.go:21:23:21:23 | 0 | UnsafeTLS.go:21:23:21:23 | 0 | Using lowest TLS version for MinVersion. |
| UnsafeTLS.go:30:16:30:16 | 0 | UnsafeTLS.go:30:16:30:16 | 0 | UnsafeTLS.go:30:16:30:16 | 0 | Using lowest TLS version for MinVersion. |
| UnsafeTLS.go:43:23:43:38 | selection of VersionSSL30 | UnsafeTLS.go:43:23:43:38 | selection of VersionSSL30 | UnsafeTLS.go:43:23:43:38 | selection of VersionSSL30 | Using insecure TLS version VersionSSL30 for MinVersion. |
| UnsafeTLS.go:47:23:47:38 | selection of VersionSSL30 | UnsafeTLS.go:47:23:47:38 | selection of VersionSSL30 | UnsafeTLS.go:47:23:47:38 | selection of VersionSSL30 | Using insecure TLS version VersionSSL30 for MaxVersion. |
| UnsafeTLS.go:52:23:52:38 | selection of VersionTLS10 | UnsafeTLS.go:52:23:52:38 | selection of VersionTLS10 | UnsafeTLS.go:52:23:52:38 | selection of VersionTLS10 | Using insecure TLS version VersionTLS10 for MinVersion. |
| UnsafeTLS.go:56:23:56:38 | selection of VersionTLS10 | UnsafeTLS.go:56:23:56:38 | selection of VersionTLS10 | UnsafeTLS.go:56:23:56:38 | selection of VersionTLS10 | Using insecure TLS version VersionTLS10 for MaxVersion. |
| UnsafeTLS.go:61:23:61:38 | selection of VersionTLS11 | UnsafeTLS.go:61:23:61:38 | selection of VersionTLS11 | UnsafeTLS.go:61:23:61:38 | selection of VersionTLS11 | Using insecure TLS version VersionTLS11 for MinVersion. |
| UnsafeTLS.go:65:23:65:38 | selection of VersionTLS11 | UnsafeTLS.go:65:23:65:38 | selection of VersionTLS11 | UnsafeTLS.go:65:23:65:38 | selection of VersionTLS11 | Using insecure TLS version VersionTLS11 for MaxVersion. |
| UnsafeTLS.go:70:16:70:31 | selection of VersionTLS11 | UnsafeTLS.go:70:16:70:31 | selection of VersionTLS11 | UnsafeTLS.go:70:16:70:31 | selection of VersionTLS11 | Using insecure TLS version VersionTLS11 for MinVersion. |
| UnsafeTLS.go:76:16:76:31 | selection of VersionTLS11 | UnsafeTLS.go:76:16:76:31 | selection of VersionTLS11 | UnsafeTLS.go:76:16:76:31 | selection of VersionTLS11 | Using insecure TLS version VersionTLS11 for MaxVersion. |
| UnsafeTLS.go:95:16:95:21 | 0x0300 | UnsafeTLS.go:95:16:95:21 | 0x0300 | UnsafeTLS.go:95:16:95:21 | 0x0300 | Using insecure TLS version VersionSSL30 for MinVersion. |
| UnsafeTLS.go:101:16:101:21 | 0x0301 | UnsafeTLS.go:101:16:101:21 | 0x0301 | UnsafeTLS.go:101:16:101:21 | 0x0301 | Using insecure TLS version VersionTLS10 for MaxVersion. |
| UnsafeTLS.go:111:16:111:16 | 0 | UnsafeTLS.go:111:16:111:16 | 0 | UnsafeTLS.go:111:16:111:16 | 0 | Using lowest TLS version for MinVersion. |
| UnsafeTLS.go:201:17:201:17 | 0 | UnsafeTLS.go:201:17:201:17 | 0 | UnsafeTLS.go:201:17:201:17 | 0 | Using lowest TLS version for MinVersion. |
| UnsafeTLS.go:219:17:219:17 | 0 | UnsafeTLS.go:219:17:219:17 | 0 | UnsafeTLS.go:219:17:219:17 | 0 | Using lowest TLS version for MinVersion. |
| UnsafeTLS.go:329:25:329:94 | call to append | UnsafeTLS.go:329:53:329:93 | selection of TLS_ECDHE_RSA_WITH_AES_128_CBC_SHA256 : uint16 | UnsafeTLS.go:329:25:329:94 | call to append | Use of an insecure cipher suite: TLS_ECDHE_RSA_WITH_AES_128_CBC_SHA256. |
| UnsafeTLS.go:336:26:336:58 | call to append | UnsafeTLS.go:334:13:334:38 | call to InsecureCipherSuites : slice type | UnsafeTLS.go:336:26:336:58 | call to append | Use of an insecure cipher suite. |
| UnsafeTLS.go:346:25:346:36 | cipherSuites | UnsafeTLS.go:342:13:342:38 | call to InsecureCipherSuites : slice type | UnsafeTLS.go:346:25:346:36 | cipherSuites | Use of an insecure cipher suite. |
| UnsafeTLS.go:355:25:355:36 | cipherSuites | UnsafeTLS.go:351:13:351:38 | call to InsecureCipherSuites : slice type | UnsafeTLS.go:355:25:355:36 | cipherSuites | Use of an insecure cipher suite. |
