edges
| test.go:15:27:15:29 | buf [post-update] : slice type | test.go:17:10:17:12 | buf |
nodes
| test.go:15:27:15:29 | buf [post-update] : slice type | semmle.label | buf [post-update] : slice type |
| test.go:17:10:17:12 | buf | semmle.label | buf |
#select
| test.go:15:27:15:29 | buf [post-update] | test.go:15:27:15:29 | buf [post-update] : slice type | test.go:17:10:17:12 | buf | This stack trace is exposed to a remote user $@. | test.go:17:10:17:12 | buf | here |
