| test.go:19:7:19:9 | struct literal |
| test.go:20:2:20:2 | a [post-update] |
| test.go:20:11:20:14 | &... [post-update] |
| test.go:20:12:20:14 | selection of b [post-update] |
| test.go:21:2:21:2 | a [post-update] |
| test.go:21:2:21:5 | selection of bs [post-update] |
| test.go:21:2:21:8 | index expression [post-update] |
| test.go:21:17:21:20 | &... [post-update] |
| test.go:21:18:21:20 | struct literal |
| test.go:22:2:22:2 | a [post-update] |
| test.go:22:2:22:5 | selection of bs [post-update] |
| test.go:22:2:22:8 | index expression [post-update] |
| test.go:22:2:22:13 | implicit dereference [post-update] |
| test.go:22:2:22:13 | selection of cptr [post-update] |
| test.go:23:2:23:2 | a [post-update] |
| test.go:23:2:23:7 | implicit dereference [post-update] |
| test.go:23:2:23:7 | selection of bptr [post-update] |
| test.go:23:2:23:12 | implicit dereference [post-update] |
| test.go:23:2:23:12 | selection of cptr [post-update] |
