| ArchiveTar.go:76:13:76:24 | call to newSource | No flow to its sink |
| ArchiveZip.go:71:13:71:24 | call to newSource | No flow to its sink |
| ArchiveZip.go:86:13:86:24 | call to newSource | No flow to its sink |
| ArchiveZip.go:91:13:91:24 | call to newSource | No flow to its sink |
| Bufio.go:180:13:180:24 | call to newSource | No flow to its sink |
| Bufio.go:200:13:200:24 | call to newSource | No flow to its sink |
| Bufio.go:205:13:205:24 | call to newSource | No flow to its sink |
| CompressFlate.go:71:13:71:24 | call to newSource | No flow to its sink |
| CompressFlate.go:76:13:76:24 | call to newSource | No flow to its sink |
| CompressGzip.go:67:13:67:24 | call to newSource | No flow to its sink |
| CompressGzip.go:72:13:72:24 | call to newSource | No flow to its sink |
| CompressLzw.go:31:13:31:24 | call to newSource | No flow to its sink |
| CompressZlib.go:79:13:79:24 | call to newSource | No flow to its sink |
| CompressZlib.go:84:13:84:24 | call to newSource | No flow to its sink |
| CompressZlib.go:89:13:89:24 | call to newSource | No flow to its sink |
| CryptoTls.go:65:13:65:24 | call to newSource | No flow to its sink |
| CryptoTls.go:80:13:80:24 | call to newSource | No flow to its sink |
| EncodingCsv.go:57:13:57:24 | call to newSource | No flow to its sink |
| EncodingGob.go:73:13:73:24 | call to newSource | No flow to its sink |
| EncodingJson.go:209:13:209:25 | call to newSource | No flow to its sink |
| EncodingXml.go:234:13:234:24 | call to newSource | No flow to its sink |
| Io.go:206:13:206:24 | call to newSource | No flow to its sink |
| Io.go:216:13:216:24 | call to newSource | No flow to its sink |
| Log.go:124:13:124:24 | call to newSource | No flow to its sink |
| MimeMultipart.go:100:13:100:24 | call to newSource | No flow to its sink |
| MimeMultipart.go:130:13:130:24 | call to newSource | No flow to its sink |
| MimeMultipart.go:135:13:135:24 | call to newSource | No flow to its sink |
| MimeMultipart.go:140:13:140:24 | call to newSource | No flow to its sink |
| MimeQuotedprintable.go:45:13:45:24 | call to newSource | No flow to its sink |
| Net.go:420:13:420:24 | call to newSource | No flow to its sink |
| Net.go:430:13:430:24 | call to newSource | No flow to its sink |
| Net.go:445:13:445:24 | call to newSource | No flow to its sink |
| Net.go:450:13:450:24 | call to newSource | No flow to its sink |
| Net.go:500:13:500:25 | call to newSource | No flow to its sink |
| Net.go:535:13:535:25 | call to newSource | No flow to its sink |
| Net.go:545:13:545:25 | call to newSource | No flow to its sink |
| Net.go:555:13:555:25 | call to newSource | No flow to its sink |
| Net.go:585:13:585:25 | call to newSource | No flow to its sink |
| Net.go:635:13:635:25 | call to newSource | No flow to its sink |
| Net.go:665:13:665:25 | call to newSource | No flow to its sink |
| Net.go:675:13:675:25 | call to newSource | No flow to its sink |
| NetHttpHttputil.go:160:13:160:24 | call to newSource | No flow to its sink |
| NetHttpHttputil.go:175:13:175:24 | call to newSource | No flow to its sink |
| NetHttpHttputil.go:190:13:190:25 | call to newSource | No flow to its sink |
| NetHttpHttputil.go:205:13:205:25 | call to newSource | No flow to its sink |
| NetHttpHttputil.go:220:13:220:25 | call to newSource | No flow to its sink |
| NetTextproto.go:191:13:191:24 | call to newSource | No flow to its sink |
| NetTextproto.go:201:13:201:24 | call to newSource | No flow to its sink |
| NetTextproto.go:296:13:296:25 | call to newSource | No flow to its sink |
| Os.go:107:13:107:24 | call to newSource | No flow to its sink |
| Os.go:132:13:132:24 | call to newSource | No flow to its sink |
| Syscall.go:91:13:91:24 | call to newSource | No flow to its sink |
| TextTabwriter.go:43:13:43:24 | call to newSource | No flow to its sink |
| TextTabwriter.go:53:13:53:24 | call to newSource | No flow to its sink |
